Archive member included because of file (symbol)

/usr/lib/gcc/avr/4.3.5/../../../avr/lib/avr5/libc.a(memcpy_P.o)
                              BootLoader.o (memcpy_P)
/usr/lib/gcc/avr/4.3.5/../../../avr/lib/avr5/libc.a(memcpy.o)
                              BootLoader.o (memcpy)
/usr/lib/gcc/avr/4.3.5/../../../avr/lib/avr5/libc.a(eerd_block_atmega328p.o)
                              BootLoader.o (__eerd_block_m328p)
/usr/lib/gcc/avr/4.3.5/../../../avr/lib/avr5/libc.a(eewr_block_atmega328p.o)
                              BootLoader.o (__eewr_block_m328p)
/usr/lib/gcc/avr/4.3.5/../../../avr/lib/avr5/libc.a(eewr_byte_atmega328p.o)
                              /usr/lib/gcc/avr/4.3.5/../../../avr/lib/avr5/libc.a(eewr_block_atmega328p.o) (__eewr_r18_m328p)

Allocating common symbols
Common symbol       size              file

gBootLoaderGlobals  0x85              BootLoader.o
gStayInBootloader   0x1               BootLoader.o
gEeprom             0x14              BootLoader.o
gI2cGlobals         0x36              BootLoader.o

Memory Configuration

Name             Origin             Length             Attributes
text             0x00000000         0x00020000         xr
data             0x00800060         0x0000ffa0         rw !x
eeprom           0x00810fec         0x00000014         rw !x
*default*        0x00000000         0xffffffff

Linker script and memory map

Address of section .data set to 0x800100
Address of section .text set to 0x3800

.text           0x00003800      0x846
 *(.boot_vectors)
 .boot_vectors  0x00003800       0x68 vectors.o
                0x00003800                boot_vectors
                0x00003808                jump_table
 *(.progmem.gcc*)
 *(.progmem*)
 .progmem.data  0x00003868       0x14 BootLoader.o
                0x00003868                info_P
                0x0000387c                . = ALIGN (0x2)
 *(.text)
 .text          0x0000387c      0x4d6 BootLoader.o
                0x0000387c                BootLoaderProcessCommand
                0x00003b52                __vector_24
                0x00003ba6                FlashRed
                0x00003bd2                BootLoader
                0x00003d4a                AppBoot
 .text          0x00003d52       0x14 vectors.o
                0x00003d52                __vector_22
                0x00003d52                __vector_12
                0x00003d52                __vector_23
                0x00003d52                __vector_25
                0x00003d52                __vector_11
                0x00003d52                __vector_13
                0x00003d52                __vector_17
                0x00003d52                __vector_19
                0x00003d52                __vector_9
                0x00003d52                __vector_21
                0x00003d52                __vector_15
                0x00003d52                start
                0x00003d52                __vector_14
                0x00003d52                __vector_10
                0x00003d52                __vector_18
                0x00003d52                __vector_20
 .text          0x00003d66      0x16a i2c-slave.o
                0x00003d66                I2C_SlaveHandler
 .text          0x00003ed0       0x20 Crc8.o
                0x00003ed0                Crc8
 .text          0x00003ef0       0x32 Timer.o
                0x00003ef0                __vector_16
                0x00003f18                InitTimer
 .text          0x00003f22       0xb0 Delay.o
                0x00003f22                ms_spin
                0x00003f34                us_spin
                0x00003f46                Delay100uSec
                0x00003f62                Delay10uSec
                0x00003f7e                Delay100mSec
                0x00003f9a                Delay10mSec
                0x00003fb6                Delay1mSec
 .text          0x00003fd2        0x0 eeprom-init.o
 .text          0x00003fd2        0x0 /usr/lib/gcc/avr/4.3.5/../../../avr/lib/avr5/libc.a(memcpy_P.o)
 .text          0x00003fd2        0x0 /usr/lib/gcc/avr/4.3.5/../../../avr/lib/avr5/libc.a(memcpy.o)
 .text          0x00003fd2        0x0 /usr/lib/gcc/avr/4.3.5/../../../avr/lib/avr5/libc.a(eerd_block_atmega328p.o)
 .text          0x00003fd2        0x0 /usr/lib/gcc/avr/4.3.5/../../../avr/lib/avr5/libc.a(eewr_block_atmega328p.o)
 .text          0x00003fd2        0x0 /usr/lib/gcc/avr/4.3.5/../../../avr/lib/avr5/libc.a(eewr_byte_atmega328p.o)
                0x00003fd2                . = ALIGN (0x2)
 *(.text.*)
 .text.avr-libc
                0x00003fd2       0x12 /usr/lib/gcc/avr/4.3.5/../../../avr/lib/avr5/libc.a(memcpy_P.o)
                0x00003fd2                memcpy_P
 .text.avr-libc
                0x00003fe4       0x12 /usr/lib/gcc/avr/4.3.5/../../../avr/lib/avr5/libc.a(memcpy.o)
                0x00003fe4                memcpy
 .text.avr-libc
                0x00003ff6       0x20 /usr/lib/gcc/avr/4.3.5/../../../avr/lib/avr5/libc.a(eerd_block_atmega328p.o)
                0x00003ff6                __eerd_block_m328p
                0x00003ffa                __eerd_blraw_m328p
 .text.avr-libc
                0x00004016       0x14 /usr/lib/gcc/avr/4.3.5/../../../avr/lib/avr5/libc.a(eewr_block_atmega328p.o)
                0x00004016                __eewr_block_m328p
 .text.avr-libc
                0x0000402a       0x1c /usr/lib/gcc/avr/4.3.5/../../../avr/lib/avr5/libc.a(eewr_byte_atmega328p.o)
                0x0000402a                __eewr_byte_m328p
                0x0000402c                __eewr_r18_m328p
                0x00004046                . = ALIGN (0x2)
                0x00004046                _etext = .

.trampolines    0x00004046        0x0
 .trampolines   0x00004046        0x0 linker stubs

.data           0x00800100        0x0 load address 0x00004046
                0x00800100                PROVIDE (__data_start, .)
 *(.data)
 .data          0x00800100        0x0 BootLoader.o
 .data          0x00800100        0x0 vectors.o
 .data          0x00800100        0x0 i2c-slave.o
 .data          0x00800100        0x0 Crc8.o
 .data          0x00800100        0x0 Timer.o
 .data          0x00800100        0x0 Delay.o
 .data          0x00800100        0x0 eeprom-init.o
 .data          0x00800100        0x0 /usr/lib/gcc/avr/4.3.5/../../../avr/lib/avr5/libc.a(memcpy_P.o)
 .data          0x00800100        0x0 /usr/lib/gcc/avr/4.3.5/../../../avr/lib/avr5/libc.a(memcpy.o)
 .data          0x00800100        0x0 /usr/lib/gcc/avr/4.3.5/../../../avr/lib/avr5/libc.a(eerd_block_atmega328p.o)
 .data          0x00800100        0x0 /usr/lib/gcc/avr/4.3.5/../../../avr/lib/avr5/libc.a(eewr_block_atmega328p.o)
 .data          0x00800100        0x0 /usr/lib/gcc/avr/4.3.5/../../../avr/lib/avr5/libc.a(eewr_byte_atmega328p.o)
 *(.gnu.linkonce.d*)
                0x00800100                . = ALIGN (0x2)
                0x00800100                _edata = .
                0x00800100                PROVIDE (__data_end, .)

.bss            0x00800100       0xd1 load address 0x00004046
                0x00800100                PROVIDE (__bss_start, .)
 *(.bss)
 .bss           0x00800100        0x0 BootLoader.o
 .bss           0x00800100        0x0 vectors.o
 .bss           0x00800100        0x0 i2c-slave.o
 .bss           0x00800100        0x0 Crc8.o
 .bss           0x00800100        0x1 Timer.o
                0x00800100                gTickCount
 .bss           0x00800101        0x0 Delay.o
 .bss           0x00800101        0x0 eeprom-init.o
 .bss           0x00800101        0x0 /usr/lib/gcc/avr/4.3.5/../../../avr/lib/avr5/libc.a(memcpy_P.o)
 .bss           0x00800101        0x0 /usr/lib/gcc/avr/4.3.5/../../../avr/lib/avr5/libc.a(memcpy.o)
 .bss           0x00800101        0x0 /usr/lib/gcc/avr/4.3.5/../../../avr/lib/avr5/libc.a(eerd_block_atmega328p.o)
 .bss           0x00800101        0x0 /usr/lib/gcc/avr/4.3.5/../../../avr/lib/avr5/libc.a(eewr_block_atmega328p.o)
 .bss           0x00800101        0x0 /usr/lib/gcc/avr/4.3.5/../../../avr/lib/avr5/libc.a(eewr_byte_atmega328p.o)
 *(COMMON)
 COMMON         0x00800101       0xd0 BootLoader.o
                0x00800101                gBootLoaderGlobals
                0x00800186                gStayInBootloader
                0x00800187                gEeprom
                0x0080019b                gI2cGlobals
                0x008001d1                PROVIDE (__bss_end, .)
                0x00004046                __data_load_start = LOADADDR (.data)
                0x00004046                __data_load_end = (__data_load_start + SIZEOF (.data))

.noinit         0x008001d1        0x0
                0x008001d1                PROVIDE (__noinit_start, .)
 *(.noinit*)
                0x008001d1                PROVIDE (__noinit_end, .)
                0x008001d1                _end = .
                0x008001d1                PROVIDE (__heap_start, .)

.eeprom         0x00810fec       0x14
 *(.eeprom*)
 .eeprom        0x00810fec       0x14 eeprom-init.o
                0x00810fec                gEepromDefaults
                0x00811000                __eeprom_end = .

.stab           0x00000000     0x2070
 *(.stab)
 .stab          0x00000000      0xef4 BootLoader.o
 .stab          0x00000ef4      0x4bc i2c-slave.o
                                0x7e0 (size before relaxing)
 .stab          0x000013b0      0x240 Crc8.o
                                0x4d4 (size before relaxing)
 .stab          0x000015f0      0x1bc Timer.o
                                0x390 (size before relaxing)
 .stab          0x000017ac      0x3d8 Delay.o
                                0x564 (size before relaxing)
 .stab          0x00001b84      0x15c eeprom-init.o
                                0x3cc (size before relaxing)
 .stab          0x00001ce0       0x84 /usr/lib/gcc/avr/4.3.5/../../../avr/lib/avr5/libc.a(memcpy_P.o)
                                 0x90 (size before relaxing)
 .stab          0x00001d64       0x84 /usr/lib/gcc/avr/4.3.5/../../../avr/lib/avr5/libc.a(memcpy.o)
                                 0x90 (size before relaxing)
 .stab          0x00001de8      0x108 /usr/lib/gcc/avr/4.3.5/../../../avr/lib/avr5/libc.a(eerd_block_atmega328p.o)
                                0x114 (size before relaxing)
 .stab          0x00001ef0       0x9c /usr/lib/gcc/avr/4.3.5/../../../avr/lib/avr5/libc.a(eewr_block_atmega328p.o)
                                 0xa8 (size before relaxing)
 .stab          0x00001f8c       0xe4 /usr/lib/gcc/avr/4.3.5/../../../avr/lib/avr5/libc.a(eewr_byte_atmega328p.o)
                                 0xf0 (size before relaxing)

.stabstr        0x00000000     0x18fe
 *(.stabstr)
 .stabstr       0x00000000     0x18fe BootLoader.o

.stab.excl
 *(.stab.excl)

.stab.exclstr
 *(.stab.exclstr)

.stab.index
 *(.stab.index)

.stab.indexstr
 *(.stab.indexstr)

.comment
 *(.comment)
                0x00000000                zero_addr = 0x0
LOAD BootLoader.o
LOAD vectors.o
LOAD i2c-slave.o
LOAD Crc8.o
LOAD Timer.o
LOAD Delay.o
LOAD eeprom-init.o
LOAD /usr/lib/gcc/avr/4.3.5/../../../avr/lib/avr5/libc.a
OUTPUT(i2c-Boot-m328p-8MHz.elf elf32-avr)
LOAD linker stubs
